src/agentic_supply/data/anomalous_online_shop_data.csv
Date,Shopping Event?,Ad Spend,Page Views,Unit Price,Sold Units,Revenue,Operational Cost,Profit
2022-01-29,True,2625.497951275071,20920,767.3949841222004,6749,5179148.7478407305,3877126.3951127254,1302022.352728005
2022-02-13,True,2413.737241724639,21526,816.7306082009237,6758,5519465.450221842,3881414.609854637,1638050.840367205
2022-02-26,True,2052.05348706916,21245,706.838454696834,7482,5288565.318041712,4243065.73673492,1045499.5813067919
2022-04-22,True,2047.849763596367,20369,703.5425984094916,7517,5288529.712244148,4260555.354917682,1027974.3573264666
2022-04-26,True,2763.2172426923908,20374,870.9048134889764,6208,5406577.082139566,3606764.2491589924,1799812.8329805732
2022-05-27,True,2527.9795389487695,18539,703.5138087336612,6940,4882385.832611609,3972531.3133077146,909854.5193038946
2022-07-01,True,2852.980759360505,18023,899.4328166018998,5652,5083594.279433938,3328857.1686877897,1754737.110746148
2022-07-02,True,2511.6637151550376,20096,771.0214277463833,6315,4869000.316218411,3660031.4891882115,1208968.827030199
2022-08-08,True,2238.424422035299,18408,738.7459155553167,6509,4808497.164349557,3756741.4817319093,1051755.6826176476
2022-09-24,True,2254.438503312662,20396,776.0921705580424,7021,5448943.129488016,4012768.344096862,1436174.7853911538
2022-10-24,True,2438.0677717861363,17423,791.5592999519843,5542,4386821.6403338965,3273439.3396044225,1113382.300729474
2022-11-12,True,2013.732687692763,18159,836.9459996196575,5711,4779798.603827864,3357518.5018363227,1422280.1019915412
2022-11-15,True,2710.171741705222,19552,843.3191713752617,6287,5301947.6304362705,3646218.922462698,1655728.7079735724
2022-11-24,True,2727.284808909858,19953,855.3327870292374,5972,5108047.404138605,3488736.215894894,1619311.188243711
2022-12-11,True,2448.105127092765,18109,705.7365138032638,6062,4278174.746675385,3533449.481873941,744725.264801444
